<area shape="rect" id="node3" href="$CArray1d_8h.html" title="CArray1d.h" alt="" coords="5,161,91,189">
<area shape="rect" id="node5" href="$CStconfig_8h.html" title="CStconfig.h" alt="" coords="136,238,224,266">
<area shape="rect" id="node17" href="$CArray2d_8h.html" title="CArray2d.h" alt="" coords="269,83,355,111">
<area shape="rect" id="node20" href="$CArray3d_8h.html" title="CArray3d.h" alt="" coords="400,161,485,189">
<area shape="rect" id="node29" href="$CBtrace_8h.html" title="CBtrace.h" alt="" coords="165,83,245,111">
<area shape="rect" id="node7" href="$CRayTrace_8h.html" title="CRayTrace.h" alt="" coords="132,315,228,343">
<area shape="rect" id="node9" href="$C3dMesh_8h.html" title="C3dMesh.h" alt="" coords="136,393,224,421">
<area shape="rect" id="node11" href="$cpp2for_8cpp.html" title="cpp2for.cpp" alt="" coords="71,470,159,498">
<area shape="rect" id="node13" href="$mconf__matlab_8cpp.html" title="mconf_matlab.cpp" alt="" coords="183,470,311,498">
<area shape="rect" id="node25" href="$CEfit_8h.html" title="CEfit.h" alt="" coords="216,161,275,189">
